<html>
<body>
<pre>
<h1>µVision Build Log</h1>
<h2>Tool Versions:</h2>
IDE-Version: µVision V5.29.0.0
Copyright (C) 2019 ARM Ltd and ARM Germany GmbH. All rights reserved.
License Information: Mohab Ahmed, SPRINTS, LIC=----
 
Tool Versions:
Toolchain:       MDK-Lite  Version: 5.29.0.0
Toolchain Path:  C:\Keil_v5\ARM\ARMCC\Bin
C Compiler:      Armcc.exe V5.06 update 6 (build 750)
Assembler:       Armasm.exe V5.06 update 6 (build 750)
Linker/Locator:  ArmLink.exe V5.06 update 6 (build 750)
Library Manager: ArmAr.exe V5.06 update 6 (build 750)
Hex Converter:   FromElf.exe V5.06 update 6 (build 750)
CPU DLL:         SARMCM3.DLL V5.29.0.0
Dialog DLL:      DCM.DLL V1.17.3.0
    Target DLL: lmidk-agdi.dll
Dialog DLL:      TCM.DLL V1.36.5.0
 
<h2>Project:</h2>
E:\mohab\academy\sprints\projects\ARM\RGB_V1.0\RGB_V.1\RGB_V1.0\RGB_V2.0.uvprojx
Project File Date:  08/22/2023

<h2>Output:</h2>
*** Using Compiler 'V5.06 update 6 (build 750)', folder: 'C:\Keil_v5\ARM\ARMCC\Bin'
Rebuild target 'Target 1'
compiling SysTick_timer.c...
MCAL\SysTick_timer.h(35): warning:  #1-D: last line of file ends without a newline
  #endif //__SysTick_timmer_h
MCAL\SysTick_timer.c(36): warning:  #188-D: enumerated type mixed with another type
  	*SysTick_state = GET_BIT_STATUS(STCTRL, COUNT);
MCAL\SysTick_timer.c(49): warning:  #1-D: last line of file ends without a newline
  }
MCAL\SysTick_timer.c: 3 warnings, 0 errors
compiling main.c...
.\MCAL\GPIO.h(92): warning:  #1-D: last line of file ends without a newline
  #endif //GPIO
..\RGB_V1.0\./HAL/LED.h(18): warning:  #1-D: last line of file ends without a newline
  #endif
..\RGB_V1.0\./HAL/Push_button.h(11): warning:  #1-D: last line of file ends without a newline
  #endif //_Push_button_h
..\RGB_V1.0\./MCAL/SysTick_timer.h(35): warning:  #1-D: last line of file ends without a newline
  #endif //__SysTick_timmer_h
APP\main.c: 4 warnings, 0 errors
compiling LED.c...
.\MCAL\GPIO.h(92): warning:  #1-D: last line of file ends without a newline
  #endif //GPIO
HAL\LED.h(18): warning:  #1-D: last line of file ends without a newline
  #endif
HAL\LED.c(54): warning:  #1-D: last line of file ends without a newline
  }
HAL\LED.c: 3 warnings, 0 errors
assembling startup_TM4C123.s...
compiling Push_button.c...
HAL\../MCAL/GPIO.h(92): warning:  #1-D: last line of file ends without a newline
  #endif //GPIO
HAL\Push_button.h(11): warning:  #1-D: last line of file ends without a newline
  #endif //_Push_button_h
HAL\Push_button.c(46): warning:  #188-D: enumerated type mixed with another type
  	*PB_state = GET_BIT_STATUS(GPIODATA(PortNum),PinNum);
HAL\Push_button.c: 3 warnings, 0 errors
compiling system_TM4C123.c...
linking...
Program Size: Code=2364 RO-data=668 RW-data=0 ZI-data=608  
FromELF: creating hex file...
".\Objects\first_p.axf" - 0 Error(s), 13 Warning(s).

<h2>Software Packages used:</h2>

Package Vendor: ARM
                http://www.keil.com/pack/ARM.CMSIS.5.9.0.pack
                ARM.CMSIS.5.9.0
                CMSIS (Common Microcontroller Software Interface Standard)
   * Component: CORE Version: 5.6.0

Package Vendor: Keil
                http://www.keil.com/pack/Keil.TM4C_DFP.1.1.0.pack
                Keil.TM4C_DFP.1.1.0
                Texas Instruments Tiva C Series Device Support and Examples
   * Component: Startup Version: 1.0.1

<h2>Collection of Component include folders:</h2>
  .\RTE\_Target_1
  C:\Users\mohab\AppData\Local\Arm\Packs\ARM\CMSIS\5.9.0\CMSIS\Core\Include
  C:\Users\mohab\AppData\Local\Arm\Packs\Keil\TM4C_DFP\1.1.0\Device\Include\TM4C123

<h2>Collection of Component Files used:</h2>

   * Component: ARM::CMSIS:CORE:5.6.0

   * Component: Keil::Device:Startup:1.0.1
      Include file:  Device\Include\TM4C123\TM4C123.h
      Source file:   Device\Source\ARM\startup_TM4C123.s
      Source file:   Device\Source\system_TM4C123.c
Build Time Elapsed:  00:00:01
</pre>
</body>
</html>
